
Discarded input sections

 .text          0x00000000        0x0 build/startup.o
 .data          0x00000000        0x0 build/startup.o
 .bss           0x00000000        0x0 build/startup.o
 .group         0x00000000        0xc build/main.o
 .data          0x00000000        0x0 build/main.o
 .bss           0x00000000        0x0 build/main.o

Memory Configuration

Name             Origin             Length             Attributes
FLASH            0x08000000         0x00080000         xr
RAM              0x20000000         0x00018000         xrw
*default*        0x00000000         0xffffffff

Linker script and memory map

LOAD build/startup.o
LOAD build/main.o
                0x20018000                        _estack = (ORIGIN (RAM) + LENGTH (RAM))

.isr_vector     0x08000000        0x8
                0x08000000                        . = ALIGN (0x4)
 *(.isr_vector)
 .isr_vector    0x08000000        0x8 build/startup.o
                0x08000008                        . = ALIGN (0x4)

.text           0x08000008       0x4c
                0x08000008                        . = ALIGN (0x4)
 *(.text)
 .text          0x08000008        0x8 build/main.o
                0x08000008                main
 *(.text*)
 .text.Reset_Handler
                0x08000010       0x44 build/startup.o
                0x08000010                Reset_Handler
 *(.rodata)
 *(.rodata*)
                0x08000054                        . = ALIGN (0x4)
                0x08000054                        _etext = .

.glue_7         0x08000054        0x0
 .glue_7        0x08000054        0x0 linker stubs

.glue_7t        0x08000054        0x0
 .glue_7t       0x08000054        0x0 linker stubs

.vfp11_veneer   0x08000054        0x0
 .vfp11_veneer  0x08000054        0x0 linker stubs

.v4_bx          0x08000054        0x0
 .v4_bx         0x08000054        0x0 linker stubs

.iplt           0x08000054        0x0
 .iplt          0x08000054        0x0 build/startup.o

.rel.dyn        0x08000054        0x0
 .rel.iplt      0x08000054        0x0 build/startup.o

.data           0x20000000        0x0 load address 0x08000054
                0x20000000                        . = ALIGN (0x4)
                0x20000000                        _sdata = .
 *(.data)
 *(.data*)
                0x20000000                        . = ALIGN (0x4)
                0x20000000                        _edata = .
                0x08000054                        _sidata = LOADADDR (.data)

.igot.plt       0x20000000        0x0 load address 0x08000054
 .igot.plt      0x20000000        0x0 build/startup.o

.bss            0x20000000        0x0 load address 0x08000054
                0x20000000                        . = ALIGN (0x4)
                0x20000000                        _sbss = .
 *(.bss)
 *(.bss*)
 *(COMMON)
                0x20000000                        . = ALIGN (0x4)
                0x20000000                        _ebss = .
OUTPUT(build/project1.elf elf32-littlearm)
LOAD linker stubs

.ARM.attributes
                0x00000000       0x2f
 .ARM.attributes
                0x00000000       0x21 build/startup.o
 .ARM.attributes
                0x00000021       0x2e build/main.o

.comment        0x00000000       0x46
 .comment       0x00000000       0x46 build/main.o
                                 0x47 (size before relaxing)

.debug_line     0x00000000       0xa4
 .debug_line    0x00000000       0x67 build/startup.o
 .debug_line    0x00000067       0x3d build/main.o

.debug_line_str
                0x00000000       0x63
 .debug_line_str
                0x00000000       0x63 build/startup.o

.debug_info     0x00000000       0x7e
 .debug_info    0x00000000       0x31 build/startup.o
 .debug_info    0x00000031       0x4d build/main.o

.debug_abbrev   0x00000000       0x6a
 .debug_abbrev  0x00000000       0x28 build/startup.o
 .debug_abbrev  0x00000028       0x42 build/main.o

.debug_aranges  0x00000000       0x40
 .debug_aranges
                0x00000000       0x20 build/startup.o
 .debug_aranges
                0x00000020       0x20 build/main.o

.debug_str      0x00000000     0x2e9b
 .debug_str     0x00000000     0x2e9b build/startup.o
                                 0x7f (size before relaxing)
 .debug_str     0x00002e9b        0x0 build/main.o
                               0x2e71 (size before relaxing)

.debug_macro    0x00000000      0xae9
 .debug_macro   0x00000000       0x11 build/main.o
 .debug_macro   0x00000011      0xad8 build/main.o

.debug_frame    0x00000000       0x28
 .debug_frame   0x00000000       0x28 build/main.o
